V3 3
FL /home/bryanhe/AVR-Processor/src/AVR/opcodes.vhd 2015/01/28.20:43:53 P.20131013
FL C:/Users/Albert/Documents/GitHub/AVR-Processor/src/AVR/opcodes.vhd 2015/01/25.15:57:25 P.20131013
PH opcodes/opcodes 1422589749 \
      FL C:/Users/Albert/Documents/GitHub/AVR-Processor/src/AVR/opcodes.vhd \
      PB ieee/std_logic_1164 1381692176
