V3 10
FL "D:/Google Drive/Dropbox/git/AVR-Processor/src/AVR/ALUMulBlock.vhd" 2015/01/25.15:39:21 P.20131013
EN work/ALUMulBlock 1422229978 \
      FL "D:/Google Drive/Dropbox/git/AVR-Processor/src/AVR/ALUMulBlock.vhd" \
      PB ieee/std_logic_1164 1381692176
AR work/ALUMulBlock/DataFlow 1422229979 \
      FL "D:/Google Drive/Dropbox/git/AVR-Processor/src/AVR/ALUMulBlock.vhd" \
      EN work/ALUMulBlock 1422229978
FL "D:/Google Drive/Dropbox/git/AVR-Processor/src/AVR/ALUTest.vhd" 2015/01/25.15:39:47 P.20131013
EN work/ALU_TEST 0 \
      FL "D:/Google Drive/Dropbox/git/AVR-Processor/src/AVR/ALUTest.vhd" \
      PB ieee/std_logic_1164 1381692176 PB ieee/std_logic_arith 1381692177 \
      PB ieee/NUMERIC_STD 1381692181 LB opcodes PH opcodes/opcodes 0
AR work/ALU_TEST/Structural 0 \
      FL "D:/Google Drive/Dropbox/git/AVR-Processor/src/AVR/ALUTest.vhd" \
      EN work/ALU_TEST 0
PH work/opcodes 0 \
      FL "D:/Google Drive/Dropbox/git/AVR-Processor/src/AVR/opcode.vhd" \
      PB ieee/std_logic_1164 1381692176
FL "D:/Google Drive/Dropbox/git/AVR-Processor/src/AVR/opcodes.vhd" 2015/01/25.15:17:36 P.20131013
