V3 50
FL /home/bryanhe/AVR-Processor/src/AVR/ALU.vhd 2015/01/29.03:42:28 P.20131013
EN work/ALU 1422532598 FL /home/bryanhe/AVR-Processor/src/AVR/ALU.vhd \
      PB ieee/std_logic_1164 1381692176 PB ieee/NUMERIC_STD 1381692181
AR work/ALU/DataFlow 1422532599 \
      FL /home/bryanhe/AVR-Processor/src/AVR/ALU.vhd EN work/ALU 1422532598 \
      CP work/ALUFBlock CP work/ALUShiftBlock CP work/ALUAddBlock \
      CP work/ALUMulBlock
FL /home/bryanhe/AVR-Processor/src/AVR/ALUAddBlock.vhd 2015/01/28.20:43:53 P.20131013
EN work/ALUAddBlock 1422532594 \
      FL /home/bryanhe/AVR-Processor/src/AVR/ALUAddBlock.vhd \
      PB ieee/std_logic_1164 1381692176 PB ieee/NUMERIC_STD 1381692181
AR work/ALUAddBlock/DataFlow 1422532595 \
      FL /home/bryanhe/AVR-Processor/src/AVR/ALUAddBlock.vhd EN work/ALUAddBlock 1422532594
FL /home/bryanhe/AVR-Processor/src/AVR/ALUFBlock.vhd 2015/01/28.20:43:53 P.20131013
EN work/ALUFBlock 1422532590 FL /home/bryanhe/AVR-Processor/src/AVR/ALUFBlock.vhd \
      PB ieee/std_logic_1164 1381692176 PB ieee/NUMERIC_STD 1381692181
AR work/ALUFBlock/DataFlow 1422532591 \
      FL /home/bryanhe/AVR-Processor/src/AVR/ALUFBlock.vhd EN work/ALUFBlock 1422532590
FL /home/bryanhe/AVR-Processor/src/AVR/ALUMulBlock.vhd 2015/01/28.20:43:53 P.20131013
EN work/ALUMulBlock 1422532596 \
      FL /home/bryanhe/AVR-Processor/src/AVR/ALUMulBlock.vhd \
      PB ieee/std_logic_1164 1381692176 PB ieee/NUMERIC_STD 1381692181
AR work/ALUMulBlock/DataFlow 1422532597 \
      FL /home/bryanhe/AVR-Processor/src/AVR/ALUMulBlock.vhd EN work/ALUMulBlock 1422532596
FL /home/bryanhe/AVR-Processor/src/AVR/ALUShiftBlock.vhd 2015/01/28.20:43:53 P.20131013
EN work/ALUShiftBlock 1422532592 \
      FL /home/bryanhe/AVR-Processor/src/AVR/ALUShiftBlock.vhd \
      PB ieee/std_logic_1164 1381692176 PB ieee/NUMERIC_STD 1381692181
AR work/ALUShiftBlock/DataFlow 1422532593 \
      FL /home/bryanhe/AVR-Processor/src/AVR/ALUShiftBlock.vhd \
      EN work/ALUShiftBlock 1422532592
FL /home/bryanhe/AVR-Processor/src/AVR/ALUTest.vhd 2015/01/29.03:56:22 P.20131013
EN work/ALU_TEST 1422532602 FL /home/bryanhe/AVR-Processor/src/AVR/ALUTest.vhd \
      PB ieee/std_logic_1164 1381692176 PB ieee/std_logic_arith 1381692177 \
      PB ieee/NUMERIC_STD 1381692181 LB opcodes PH opcodes/opcodes 1422533234
AR work/ALU_TEST/Structural 1422532603 \
      FL /home/bryanhe/AVR-Processor/src/AVR/ALUTest.vhd EN work/ALU_TEST 1422532602 \
      CP work/ALU CP work/AVRControl
FL /home/bryanhe/AVR-Processor/src/AVR/AVRControl.vhd 2015/01/29.04:07:09 P.20131013
EN work/AVRControl 1422533236 \
      FL /home/bryanhe/AVR-Processor/src/AVR/AVRControl.vhd \
      PB ieee/std_logic_1164 1381692176 PB ieee/NUMERIC_STD 1381692181 \
      PB ieee/STD_LOGIC_UNSIGNED 1381692179 LB opcodes PH opcodes/opcodes 1422533234 \
      LB ALUCommands PH ALUCommands/ALUCommands 1422533235
AR work/AVRControl/DataFlow 1422533237 \
      FL /home/bryanhe/AVR-Processor/src/AVR/AVRControl.vhd EN work/AVRControl 1422533236
FL /home/bryanhe/AVR-Processor/src/AVR/AVRRegisters.vhd 2015/01/29.03:25:13 P.20131013
EN work/AVRRegisters 1422532739 \
      FL /home/bryanhe/AVR-Processor/src/AVR/AVRRegisters.vhd \
      PB ieee/std_logic_1164 1381692176 PB ieee/NUMERIC_STD 1381692181 LB opcodes \
      PH opcodes/opcodes 1422533234 LB ALUCommands PH ALUCommands/ALUCommands 1422533235
AR work/AVRRegisters/DataFlow 1422532740 \
      FL /home/bryanhe/AVR-Processor/src/AVR/AVRRegisters.vhd \
      EN work/AVRRegisters 1422532739
FL /home/bryanhe/AVR-Processor/src/AVR/RegTest.vhd 2015/01/29.03:58:50 P.20131013
EN work/REG_TEST 1422532743 FL /home/bryanhe/AVR-Processor/src/AVR/RegTest.vhd \
      PB ieee/std_logic_1164 1381692176 PB ieee/std_logic_arith 1381692177 \
      PB ieee/NUMERIC_STD 1381692181 LB opcodes PH opcodes/opcodes 1422533234
AR work/REG_TEST/Stuctural 1422532744 \
      FL /home/bryanhe/AVR-Processor/src/AVR/RegTest.vhd EN work/REG_TEST 1422532743 \
      CP work/AVRRegisters CP work/AVRControl
FL C:/Users/Albert/Documents/GitHub/AVR-Processor/src/AVR/ALUAddBlock.vhd 2015/01/26.22:13:05 P.20131013
FL C:/Users/Albert/Documents/GitHub/AVR-Processor/src/AVR/ALUFBlock.vhd 2015/01/26.21:21:45 P.20131013
FL C:/Users/Albert/Documents/GitHub/AVR-Processor/src/AVR/ALUMulBlock.vhd 2015/01/26.23:19:47 P.20131013
FL C:/Users/Albert/Documents/GitHub/AVR-Processor/src/AVR/ALUShiftBlock.vhd 2015/01/26.22:40:49 P.20131013
FL C:/Users/Albert/Documents/GitHub/AVR-Processor/src/AVR/ALUStatus.vhd 2015/01/26.23:50:53 P.20131013
EN work/ALUStatus 1422345057 \
      FL C:/Users/Albert/Documents/GitHub/AVR-Processor/src/AVR/ALUStatus.vhd \
      PB ieee/std_logic_1164 1381692176 PB ieee/NUMERIC_STD 1381692181
AR work/ALUStatus/DataFlow 1422345058 \
      FL C:/Users/Albert/Documents/GitHub/AVR-Processor/src/AVR/ALUStatus.vhd \
      EN work/ALUStatus 1422345057
FL C:/Users/Albert/Documents/GitHub/AVR-Processor/src/AVR/ALUTest.vhd 2015/01/25.15:57:25 P.20131013
FL C:/Users/Albert/Documents/GitHub/AVR-Processor/src/AVR/AVRRegisters.vhd 2015/01/26.20:59:21 P.20131013
FL "D:/Google Drive/Dropbox/git/AVR-Processor/src/AVR/ALUMulBlock.vhd" 2015/01/25.15:39:21 P.20131013
FL "D:/Google Drive/Dropbox/git/AVR-Processor/src/AVR/ALUTest.vhd" 2015/01/25.15:39:47 P.20131013
PH work/opcodes 0 \
      FL "D:/Google Drive/Dropbox/git/AVR-Processor/src/AVR/opcode.vhd" \
      PB ieee/std_logic_1164 1381692176
FL "D:/Google Drive/Dropbox/git/AVR-Processor/src/AVR/opcodes.vhd" 2015/01/25.15:17:36 P.20131013
